// Jest Snapshot v1, https://goo.gl/fbAQLP

exports[`Test Footer.tsx should match snapshot 1`] = `
<styled.h3>
  MADE WITH LOVE BY TEAM BEAUTIFY
</styled.h3>
`;
